// Jest Snapshot v1, https://goo.gl/fbAQLP

exports[`Main page matches (deep) 1`] = `
<Root
  data={
    Object {
      "allPages": Object {
        "edges": Array [
          Object {
            "node": Object {
              "context": Object {
                "category": "Apps",
                "nodePath": "/vim",
                "title": "Vim",
              },
              "id": "sup",
            },
          },
        ],
      },
      "siteSearchIndex": Object {
        "index": Object {},
      },
    }
  }
>
  <StaticQuery
    render={[Function]}
  >
    <div>
      Loading (StaticQuery)
    </div>
  </StaticQuery>
</Root>
`;

exports[`Main page matches (shallow) 1`] = `
<StaticQuery
  render={[Function]}
/>
`;
